node.exe : npm warn Unknown 
project config 
"enable-pre-post-scripts". 
This will stop working in 
the next major version of 
npm.
At line:1 char:1
+ & "C:\Program 
Files\nodejs/node.exe" 
"C:\Program 
Files\nodejs/node_mo ...
+ ~~~~~~~~~~~~~~~~~~~~~~~~~~~
~~~~~~~~~~~~~~~~~~~~~~~~~~~~~
~~~~~~~~~~~~~
    + CategoryInfo           
   : NotSpecified: (npm war  
  n Unknow...version of np   
 m.:String) [], RemoteExc    
eption
    + FullyQualifiedErrorId  
   : NativeCommandError
 
src/endpoints/seed/home-static.ts(9,5): error TS2353: Object literal may only specify known properties, and 'richText' does not exist in type '{ type: "none" | "highImpact" | "mediumImpact" | "lowImpact"; slides?: { richText?: { [k: string]: unknown; root: { type: string; children: { [k: string]: unknown; type: any; version: number; }[]; direction: "ltr" | "rtl" | null; format: "" | ... 5 more ... | "justify"; indent: number; version: number; }; } | null |...'.
src/endpoints/seed/index.ts(52,11): error TS2353: Object literal may only specify known properties, and 'navItems' does not exist in type '{ createdAt?: string | null | undefined; updatedAt?: string | null | undefined; }'.
src/endpoints/seed/index.ts(243,9): error TS2353: Object literal may only specify known properties, and 'navItems' does not exist in type '{ createdAt?: string | null | undefined; updatedAt?: string | null | undefined; tagline?: string | null | undefined; menuColumns?: ({ columnTitle?: string | undefined; links?: ({ link?: { ...; } | undefined; id?: string | ... 1 more ... | undefined; } | undefined)[] | null | undefined; id?: string | ... 1 more ... |...'.
src/heros/LowImpact/index.tsx(14,31): error TS2339: Property 'richText' does not exist on type '{ type: "none" | "highImpact" | "mediumImpact" | "lowImpact"; slides?: { richText?: { [k: string]: unknown; root: { type: string; children: { [k: string]: unknown; type: any; version: number; }[]; direction: "ltr" | "rtl" | null; format: "" | ... 5 more ... | "justify"; indent: number; version: number; }; } | null |...'.
src/heros/MediumImpact/index.tsx(9,60): error TS2339: Property 'links' does not exist on type '{ type: "none" | "highImpact" | "mediumImpact" | "lowImpact"; slides?: { richText?: { [k: string]: unknown; root: { type: string; children: { [k: string]: unknown; type: any; version: number; }[]; direction: "ltr" | "rtl" | null; format: "" | ... 5 more ... | "justify"; indent: number; version: number; }; } | null |...'.
src/heros/MediumImpact/index.tsx(9,67): error TS2339: Property 'media' does not exist on type '{ type: "none" | "highImpact" | "mediumImpact" | "lowImpact"; slides?: { richText?: { [k: string]: unknown; root: { type: string; children: { [k: string]: unknown; type: any; version: number; }[]; direction: "ltr" | "rtl" | null; format: "" | ... 5 more ... | "justify"; indent: number; version: number; }; } | null |...'.
src/heros/MediumImpact/index.tsx(9,74): error TS2339: Property 'richText' does not exist on type '{ type: "none" | "highImpact" | "mediumImpact" | "lowImpact"; slides?: { richText?: { [k: string]: unknown; root: { type: string; children: { [k: string]: unknown; type: any; version: number; }[]; direction: "ltr" | "rtl" | null; format: "" | ... 5 more ... | "justify"; indent: number; version: number; }; } | null |...'.
